[Vulkan Loader] WARNING | LAYER: windows_read_data_files_in_registry: Registry lookup failed to get layer manifest files.
[Vulkan Loader] WARNING | LAYER: Layer "VK_LAYER_EOS_Overlay" forced disabled because name matches filter of env var 'VK_LOADER_LAYERS_DISABLE'.
[Vulkan Loader] WARNING | LAYER: Layer "VK_LAYER_VALVE_steam_overlay" forced disabled because name matches filter of env var 'VK_LOADER_LAYERS_DISABLE'.
[Vulkan Loader] WARNING | LAYER: Layer "VK_LAYER_VALVE_steam_fossilize" forced disabled because name matches filter of env var 'VK_LOADER_LAYERS_DISABLE'.
netsimd I 06-04 17:24:36.067 external/netsim+/rust/daemon/src\rust_main.rs:93 - netsim artifacts path: "C:\\Users\\brluka\\AppData\\Local\\Temp\\netsimd"
netsimd I 06-04 17:24:36.067 external/netsim+/rust/daemon/src\rust_main.rs:96 - NetsimdArgs {
    fd_startup_str: None,
    no_cli_ui: false,
    no_web_ui: false,
    pcap: false,
    disable_address_reuse: false,
    hci_port: None,
    connector_instance: None,
    instance: None,
    logtostderr: false,
    dev: false,
    forward_host_mdns: false,
    vsock: None,
    config: None,
    host_dns: Some(
        "1.1.1.1,2606:4700:4700::1111,2606:4700:4700::1001",
    ),
    http_proxy: None,
    wifi_tap: None,
    wifi: None,
    test_beacons: false,
    no_test_beacons: false,
    no_shutdown: false,
    verbose: false,
    version: false,
    debug: DebugArgs {
        debug_no_traffic: false,
        debug_no_network: false,
        debug_no_wmedium: false,
        debug_no_mdns_wmedium: false,
        debug_no_guest_to_host_mdns: false,
    },
    rssi: None,
}
pc_memory_init: above 4g size: c0000000
